{"charge_limit_best": [0.38, 9.52, 0.38, 0.38, 9.52], "charge_window_best": [{"start": 1020, "end": 1080, "average": 25.58, "target": 0.38}, {"start": 1410, "end": 1950, "average": 25.2896875, "target": 9.52}, {"start": 1950, "end": 2160, "average": 25.58, "target": 0.38}, {"start": 2250, "end": 2280, "average": 25.58, "target": 0.38}, {"start": 2850, "end": 3900, "average": 25.5799977850914, "target": 9.52}], "export_window_best": [{"average": 75.0, "end": 1140, "start": 1095, "target": 14, "set": 69.8}], "export_limits_best": [9]}