{"charge_limit_best": [0.38, 9.52, 0.38, 9.52, 0.38, 9.52, 0.38, 9.52, 0.38, 9.52], "charge_window_best": [{"start": 1350, "end": 1440, "average": 18.96, "target": 0.38}, {"start": 1440, "end": 1470, "average": 18.3, "target": 4.021}, {"start": 1500, "end": 1530, "average": 20.73, "target": 0.38}, {"start": 1530, "end": 1560, "average": 18.58, "target": 5.06}, {"start": 1560, "end": 1620, "average": 19.565, "target": 0.38}, {"start": 1620, "end": 1680, "average": 18.189999999999998, "target": 7.557}, {"start": 1680, "end": 1710, "average": 20.08, "target": 0.38}, {"start": 1710, "end": 1740, "average": 18.08, "target": 8.798}, {"start": 2790, "end": 2880, "average": 18.96, "target": 0.38}, {"start": 2880, "end": 3360, "average": 40.10438262939453, "target": 9.52}], "export_window_best": [], "export_limits_best": []}
